---
layout: post
title: "LEFT JOINã¨FOR UPDATEã‚’åŒæ™‚ã«ä½¿ã†ã®ã¯ã‚„ã‚ã‚ˆã†"
slug: do-not-use-left-join-with-for-update
date: 2024-11-07 21:54:00 +0900
comments: true
categories: [mysql]
---

LEFT JOINã®ä½•å€‹ã‚‚ç¹°ã‚Šè¿”ã—ã€FOR UPDATEã‚’ã—ã¦ã„ã‚‹MySQLã®ã‚¯ã‚¨ãƒªãƒ¼ã‚’ã„ãã¤ã‹è¦‹ã‹ã‘ã¾ã—ãŸã€‚
æ¯å›ä¼¼ãŸã‚ˆã†ãªã‚³ãƒ¡ãƒ³ãƒˆã‚’ã™ã‚‹ã®ã‚‚é¢å€’ãªã®ã§ã€ã¾ã¨ã‚ã¦ãŠãã¾ã™ã€‚
ãŸã¨ãˆã°ã“ã‚“ãªæ„Ÿã˜ã®ã‚¯ã‚¨ãƒªãƒ¼ã§ã™ã€‚

```sql
SELECT * FROM `user`
LEFT JOIN `user_prefecture` USING (`user_id`)
LEFT JOIN `prefecture` USING (`prefecture_id`)
WHERE `user`.`user_id` = 1 FOR UPDATE;
```

## TL;DR

ä»¥ä¸‹ã®ç†ç”±ã‹ã‚‰ã€LEFT JOINã¨FOR UPDATEã‚’åŒæ™‚ã«ä½¿ã†ã®ã¯ã‚„ã‚ãŸã»ã†ãŒã‚ˆã„ã€‚

- ãã‚‚ãã‚‚ãƒ­ãƒƒã‚¯ã®ç¯„å›²ã‚’é–“é•ãˆã¦ã„ã‚‹å¯èƒ½æ€§ãŒé«˜ã„
- ãƒ‡ãƒƒãƒ‰ãƒ­ãƒƒã‚¯ã®å±é™ºæ€§ãŒé«˜ã¾ã‚‹
- ã‚®ãƒ£ãƒƒãƒ—ãƒ­ãƒƒã‚¯ã®å¯èƒ½æ€§ãŒã‚ã‚‹

FOR UPDATE ã¯ãƒ­ãƒƒã‚¯ã®ç²å¾—ã®ã¿ã«ä½¿ç”¨ã—ã€é–¢é€£ã™ã‚‹æƒ…å ±ã‚’å–å¾—ã™ã‚‹ã®ã¯åˆ¥ã‚¯ã‚¨ãƒªãƒ¼ã«åˆ†ã‘ã‚ˆã†ã€‚

## LEFT JOINã¨FOR UPDATEã‚’åŒæ™‚ã«ä½¿ã†ã®ã¯ã‚„ã‚ã‚ˆã†

æ¤œè¨¼ç”¨ã«ç°¡å˜ãªãƒ†ãƒ¼ãƒ–ãƒ«ã‚’ä½œã£ã¦ã¿ã¾ã™ã€‚
ãƒ¦ãƒ¼ã‚¶ãƒ¼ã®å±…ä½åœ°ï¼ˆéƒ½é“åºœçœŒï¼‰ã‚’ç®¡ç†ã™ã‚‹ãƒ†ãƒ¼ãƒ–ãƒ«ã‚’è€ƒãˆã¦ã¿ã¾ã—ã‚‡ã†ã€‚
ãƒ¦ãƒ¼ã‚¶ãƒ¼ã¯è‡ªåˆ†ã®å±…ä½åœ°ã‚’è¨­å®šã—ãªã„ã“ã¨ã‚‚ã§ãã¾ã™ã€‚
ã“ã®ã‚ˆã†ãªè¦ä»¶ã‚’ã‚‚ã¨ã«ä»¥ä¸‹ã®ã‚ˆã†ãªãƒ†ãƒ¼ãƒ–ãƒ«ã‚’å®šç¾©ã—ã¦ã¿ã¾ã—ãŸã€‚

```sql
-- ãƒ¦ãƒ¼ã‚¶ãƒ¼
CREATE TABLE `user` (
  `user_id` BIGINT PRIMARY KEY AUTO_INCREMENT,
  `name` VARCHAR(191)
);

-- éƒ½é“åºœçœŒã®ãƒã‚¹ã‚¿ãƒ¼ãƒ‡ãƒ¼ã‚¿
CREATE TABLE `prefecture` (
  `prefecture_id` INTEGER PRIMARY KEY,
  `name` VARCHAR(191)
);

-- ãƒ¦ãƒ¼ã‚¶ãƒ¼ã¨éƒ½é“åºœçœŒã®é–¢é€£ãƒ†ãƒ¼ãƒ–ãƒ«
CREATE TABLE `user_prefecture` (
  `user_id` BIGINT PRIMARY KEY,
  `prefecture_id` INTEGER,
  CONSTRAINT `user_prefecture_user` FOREIGN KEY (`user_id`) REFERENCES `user` (`user_id`),
  CONSTRAINT `user_prefecture_prefecture` FOREIGN KEY (`prefecture_id`) REFERENCES `prefecture` (`prefecture_id`)
);

-- åˆæœŸãƒ‡ãƒ¼ã‚¿
INSERT INTO `user` (`name`) VALUES ("Ichinose"), ("Furusawa"), ("Inoriko"), ("Izu");
INSERT INTO `prefecture` (`prefecture_id`, `name`) VALUES (15, "æ–°æ½Ÿ");
INSERT INTO `user_prefecture` (`user_id`, `prefecture_id`) VALUES (1, 15), (2, 15);
```

ä»¥ä¸‹ã®åˆæœŸãƒ‡ãƒ¼ã‚¿ã‚’æŠ•å…¥ã—ã¦ã‚ã‚Šã¾ã™ã€‚

- ãƒ¦ãƒ¼ã‚¶ãƒ¼1ã¯æ–°æ½ŸçœŒæ°‘
- ãƒ¦ãƒ¼ã‚¶ãƒ¼2ã¯æ–°æ½ŸçœŒæ°‘
- ãƒ¦ãƒ¼ã‚¶ãƒ¼3ã¯å±…ä½åœ°æœªè¨­å®š
- ãƒ¦ãƒ¼ã‚¶ãƒ¼4ã¯å±…ä½åœ°æœªè¨­å®š

æ¤œè¨¼ã¯2024-11-07ç¾åœ¨ã®æœ€æ–°LTSã§ã‚ã‚‹ MySQL 8.4.3 ã‚’åˆ©ç”¨ã—ã¾ã—ãŸã€‚

```plain
docker run -e MYSQL_ALLOW_EMPTY_PASSWORD=yes -p 3306:3306 -d mysql:8.4.3
```

ã•ã¦ã€ã“ã®ã‚·ã‚¹ãƒ†ãƒ ã§ãƒ¦ãƒ¼ã‚¶ãƒ¼ãƒ†ãƒ¼ãƒ–ãƒ«ã«ãƒ­ãƒƒã‚¯ã‚’ã‹ã‘ã‚‹å¿…è¦ãŒå‡ºã¦ãã¾ã—ãŸã€‚
ãã®å¾Œã®å‡¦ç†ã§ã€ãƒ¦ãƒ¼ã‚¶ãƒ¼ã®å±…ä½åœ°æƒ…å ±ã‚‚å¿…è¦ã«ãªã‚‹ã“ã¨ãŒã‚ã‹ã£ã¦ã„ã¾ã™ã€‚
ãã“ã§ã€Œãƒ¦ãƒ¼ã‚¶ãƒ¼ãƒ†ãƒ¼ãƒ–ãƒ«ã®ãƒ­ãƒƒã‚¯ã€ã¨ã€Œãƒ¦ãƒ¼ã‚¶ãƒ¼ã®å±…ä½åœ°æƒ…å ±ã®å–å¾—ã€ã‚’åŒæ™‚ã«è¡Œãˆã°åŠ¹ç‡ãŒã‚ˆã„ã¨è€ƒãˆã€ä»¥ä¸‹ã®ã‚¯ã‚¨ãƒªãƒ¼ã‚’æ›¸ãã¾ã—ãŸã€‚

```sql
SELECT * FROM `user`
LEFT JOIN `user_prefecture` USING (`user_id`)
LEFT JOIN `prefecture` USING (`prefecture_id`)
WHERE `user`.`user_id` = 1 FOR UPDATE;
```

### ãã‚‚ãã‚‚ãƒ­ãƒƒã‚¯ã®ç¯„å›²ã‚’é–“é•ãˆã¦ã„ã‚‹å¯èƒ½æ€§ãŒé«˜ã„

ã“ã®ã‚¯ã‚¨ãƒªãƒ¼ã‚’æ›¸ã„ãŸäººã¯ã€Œ`user` ãƒ†ãƒ¼ãƒ–ãƒ«ã®ãƒ¦ãƒ¼ã‚¶ãƒ¼1ã®ã¿ãƒ­ãƒƒã‚¯ãŒã‹ã‹ã‚‹ã€ã¨è€ƒãˆã¦ã„ã‚‹ã®ã‹ã‚‚ã—ã‚Œã¾ã›ã‚“ã€‚
ã—ã‹ã— MySQL ã®å®Ÿéš›ã®æŒ™å‹•ã¯é•ã„ã¾ã™ã€‚**é–¢é€£ã™ã‚‹ã™ã¹ã¦ã®ãƒ†ãƒ¼ãƒ–ãƒ«ã«ã‚‚ãƒ­ãƒƒã‚¯ãŒã‹ã‹ã‚Šã¾ã™**ã€‚
`performance_schema.data_locks` ãƒ†ãƒ¼ãƒ–ãƒ«ã‚’å‚ç…§ã™ã‚‹ã¨ã©ã“ã«ãƒ­ãƒƒã‚¯ãŒæ›ã‹ã£ã¦ã„ã‚‹ã‹ãŒã‚ã‹ã‚Šã¾ã™ã€‚
å…ˆã»ã©ã®ã‚¯ã‚¨ãƒªãƒ¼ã‚’ä½¿ã£ã¦ãƒ¦ãƒ¼ã‚¶ãƒ¼1ã®ãƒ­ãƒƒã‚¯ã‚’ç²å¾—ã—ã€ãƒ­ãƒƒã‚¯ã®æ§˜å­ã‚’ç¢ºã‹ã‚ã¦ã¿ã¾ã—ã‚‡ã†ã€‚

```sql
mysql> BEGIN;
Query OK, 0 rows affected (0.00 sec)

mysql> SELECT * FROM `user`
    -> LEFT JOIN `user_prefecture` USING (`user_id`)
    -> LEFT JOIN `prefecture` USING (`prefecture_id`)
    -> WHERE `user`.`user_id` = 1 FOR UPDATE;
+---------------+---------+----------+--------+
| prefecture_id | user_id | name     | name   |
+---------------+---------+----------+--------+
|            15 |       1 | Ichinose | æ–°æ½Ÿ   |
+---------------+---------+----------+--------+
1 row in set (0.00 sec)

mysql> SELECT OBJECT_NAME,INDEX_NAME,LOCK_TYPE,LOCK_MODE,LOCK_STATUS,LOCK_DATA FROM performance_schema.data_locks;
+-----------------+------------+-----------+---------------+-------------+-----------+
| OBJECT_NAME     | INDEX_NAME | LOCK_TYPE | LOCK_MODE     | LOCK_STATUS | LOCK_DATA |
+-----------------+------------+-----------+---------------+-------------+-----------+
| user_prefecture | NULL       | TABLE     | IX            | GRANTED     | NULL      |
| user            | NULL       | TABLE     | IX            | GRANTED     | NULL      |
| prefecture      | NULL       | TABLE     | IX            | GRANTED     | NULL      |
| user            | PRIMARY    | RECORD    | X,REC_NOT_GAP | GRANTED     | 1         |
| user_prefecture | PRIMARY    | RECORD    | X,REC_NOT_GAP | GRANTED     | 1         |
| prefecture      | PRIMARY    | RECORD    | X,REC_NOT_GAP | GRANTED     | 15        |
+-----------------+------------+-----------+---------------+-------------+-----------+
6 rows in set (0.00 sec)
```

`user` ãƒ†ãƒ¼ãƒ–ãƒ«ã ã‘ã§ãªã `user_prefecture`, `prefecture` ãƒ†ãƒ¼ãƒ–ãƒ«ã«ã‚‚ãƒ­ãƒƒã‚¯ãŒã‹ã‹ã£ã¦ã„ã‚‹ã“ã¨ãŒç¢ºèªã§ãã¾ã™ã€‚

ã“ã“ã§ `prefecture` ãƒ†ãƒ¼ãƒ–ãƒ«ã«ãƒ­ãƒƒã‚¯ãŒã‹ã‹ã£ã¦ã„ã‚‹ã®ã¯å¤§å•é¡Œã§ã™ã€‚
ãªãœãªã‚‰ `prefecture` ãƒ†ãƒ¼ãƒ–ãƒ«ã®æƒ…å ±ã¯è¤‡æ•°ã®ãƒ¦ãƒ¼ã‚¶ãƒ¼ã§å…±æœ‰ã—ã¦ã„ã‚‹ãŸã‚ã€ãƒ­ãƒƒã‚¯ã®å½±éŸ¿ãŒä»–ã®ãƒ¦ãƒ¼ã‚¶ãƒ¼ã«ã¾ã§åŠã‚“ã§ã—ã¾ã†ã®ã§ã™ã€‚

```sql
mysql> BEGIN;
Query OK, 0 rows affected (0.00 sec)

mysql> SELECT * FROM `user`
    -> LEFT JOIN `user_prefecture` USING (`user_id`)
    -> LEFT JOIN `prefecture` USING (`prefecture_id`)
    -> WHERE `user`.`user_id` = 2 FOR UPDATE;
-- é–¢ä¿‚ãªã„ã¯ãšã®ãƒ¦ãƒ¼ã‚¶ãƒ¼2ã¾ã§ãƒ­ãƒƒã‚¯å¾…ã¡æƒ…å ±ã«ãªã‚‹
```

### ãƒ‡ãƒƒãƒ‰ãƒ­ãƒƒã‚¯ã®å±é™ºæ€§ãŒé«˜ã¾ã‚‹

<!-- TODO -->

### ã‚®ãƒ£ãƒƒãƒ—ãƒ­ãƒƒã‚¯ã®å¯èƒ½æ€§ãŒã‚ã‚‹

```sql
mysql> BEGIN;
Query OK, 0 rows affected (0.00 sec)

mysql> SELECT * FROM `user` LEFT JOIN `user_prefecture` USING (`user_id`) LEFT JOIN `prefecture` USING (`prefecture_id`) WHERE `user`.`user_id` = 3 FOR UPDATE;
+---------------+---------+---------+------+
| prefecture_id | user_id | name    | name |
+---------------+---------+---------+------+
|          NULL |       3 | Inoriko | NULL |
+---------------+---------+---------+------+
1 row in set (0.00 sec)

mysql> SELECT OBJECT_NAME,INDEX_NAME,LOCK_TYPE,LOCK_MODE,LOCK_STATUS,LOCK_DATA FROM performance_schema.data_locks;
+-----------------+------------+-----------+---------------+-------------+------------------------+
| OBJECT_NAME     | INDEX_NAME | LOCK_TYPE | LOCK_MODE     | LOCK_STATUS | LOCK_DATA              |
+-----------------+------------+-----------+---------------+-------------+------------------------+
| user_prefecture | NULL       | TABLE     | IX            | GRANTED     | NULL                   |
| user            | NULL       | TABLE     | IX            | GRANTED     | NULL                   |
| user            | PRIMARY    | RECORD    | X,REC_NOT_GAP | GRANTED     | 3                      |
| user_prefecture | PRIMARY    | RECORD    | X             | GRANTED     | supremum pseudo-record |
+-----------------+------------+-----------+---------------+-------------+------------------------+
4 rows in set (0.00 sec)
```

```sql
mysql> BEGIN;
Query OK, 0 rows affected (0.00 sec)

mysql> ININSERT INTO `user_prefecture` (`user_id`, `prefecture_id`) VALUES (4, 15);
ERROR 1064 (42000): You have an error in your SQL syntax; check the manual that corresponds to your MySQL server version for the right syntax to use near 'ININSERT INTO `user_prefecture` (`user_id`, `prefecture_id`) VALUES (4, 15)' at line 1
mysql> INSERT INTO `user_prefecture` (`user_id`, `prefecture_id`) VALUES (4, 15);
```

### è§£æ±ºç­–

<!-- TODO -->

## ã¾ã¨ã‚

<!-- TODO -->

> ğŸ‡ã†ã•ãã®æ­Œ\
> LEFT JOINã¨FOR UPDATEã€\
> ä¸€ç·’ã«ä½¿ã†ã®ã¯ãƒ€ãƒ¡ã ã‚ˆã€\
> ãƒ­ãƒƒã‚¯ã®ç¯„å›²ã€æ°—ã‚’ã¤ã‘ã¦ã€\
> ãƒ‡ãƒƒãƒ‰ãƒ­ãƒƒã‚¯ã®ç½ ã«ã€\
> ã²ã‚‡ã£ã“ã‚Šãƒãƒã‚‹ã‹ã‚‚ã€\
> ã¿ã‚“ãªã§æ³¨æ„ã€æ¥½ã—ãå­¦ã¼ã†ï¼ ğŸŒŸ
>
> by [CodeRabbit](https://coderabbit.ai/)

## å‚è€ƒ

- [MySQL DBãƒ­ãƒƒã‚¯è‡ªç”±è‡ªåœ¨ï¼](https://zenn.dev/neinc_tech/articles/b71893a78064dd)
- [MySQLã®data_locksã®LOCK_MODEã«ç¾ã‚Œã‚‹å€¤ã«ã¤ã„ã¦](https://zenn.dev/utsushiiro/articles/ada7dea55b4fb9)
- [ã€è¡Œãƒ­ãƒƒã‚¯ã€‘JOINã—ãŸãƒ†ãƒ¼ãƒ–ãƒ«ã®è¡Œãƒ­ãƒƒã‚¯ã‚’æ”¹ã‚ã¦æ•´ç†ã™ã‚‹](https://qiita.com/moshimo_good/items/40a203e830f05feb9b81)
- [innodbã§ã‚µãƒ–ã‚¯ã‚¨ãƒªã‚’ä½¿ã£ãŸã¨ãã® FOR UPDATE ã®ãƒ­ãƒƒã‚¯ã®ç¯„å›²](https://ngyuki.hatenablog.com/entry/20120425/p1)
